[www.gamefreeplay.xyz/bingo-blitz-free-collect/index.html]
[backblue.gif]
[fade.gif]
[index.html]
[www.gamefreeplay.xyz/wp-content/themes/twentytwentytwo/style62ea.css]
[www.gamefreeplay.xyz/wp-content/plugins/elementor/assets/lib/eicons/css/elementor-icons.min91ce.css]
[www.gamefreeplay.xyz/wp-content/plugins/elementor/assets/css/frontend-lite.min9e95.css]
[www.gamefreeplay.xyz/wp-content/uploads/elementor/css/post-11de39.css]
[www.gamefreeplay.xyz/wp-content/uploads/elementor/css/globalde39.css]
[www.gamefreeplay.xyz/wp-content/uploads/elementor/css/post-1720ffa.css]
[www.gamefreeplay.xyz/wp-content/uploads/2022/10/BB_Logo_362x280.png]
[www.gamefreeplay.xyz/wp-content/uploads/2022/10/Bingo-Blitz-Bonus-Collector-Free-Credits-Freebies-Coins-Daily-links-300x174.png]
[www.gamefreeplay.xyz/wp-content/uploads/2022/10/images.png]
[www.gamefreeplay.xyz/wp-content/plugins/elementor/assets/js/webpack.runtime.min9e95.js]
[www.gamefreeplay.xyz/wp-includes/js/jquery/jquery.minaf6c.js]
[www.gamefreeplay.xyz/wp-includes/js/jquery/jquery-migrate.mind617.js]
[www.gamefreeplay.xyz/wp-content/plugins/elementor/assets/js/frontend-modules.min9e95.js]
[www.gamefreeplay.xyz/wp-content/plugins/elementor/assets/lib/waypoints/waypoints.min05da.js]
[www.gamefreeplay.xyz/wp-includes/js/jquery/ui/core.min0028.js]
[www.gamefreeplay.xyz/wp-content/plugins/elementor/assets/js/frontend.min9e95.js]
[www.gamefreeplay.xyz/bingo-blitz-free-collect/index.html]
[www.gamefreeplay.xyz/wp-content/themes/twentytwentytwo/style62ea.css]
[www.gamefreeplay.xyz/wp-content/plugins/elementor/assets/lib/eicons/css/elementor-icons.min91ce.css]
[www.gamefreeplay.xyz/wp-content/plugins/elementor/assets/css/frontend-lite.min9e95.css]
[www.gamefreeplay.xyz/wp-content/uploads/elementor/css/post-11de39.css]
[www.gamefreeplay.xyz/wp-content/uploads/elementor/css/globalde39.css]
[www.gamefreeplay.xyz/wp-content/uploads/elementor/css/post-1720ffa.css]
